N E X T F L O W  ~  version 24.10.2
Launching `/kyukon/scratch/gent/vo/000/gvo00027/vsc44685/panoramaseq/nf-core-panoramaseq/.nf-test-5b8ab45a4a4de0d6a21255e874e608ee.nf` [confident_maxwell] DSL2 - revision: 7a8170463e
Pulling Singularity image https://community-cr-prod.seqera.io/docker/registry/v2/blobs/sha256/26/268b4c9c6cbf8fa6606c9b7fd4fafce18bf2c931d1a809a0ce51b105ec06c89d/data [cache /user/gent/446/vsc44685/ScratchVO_dir/apptainer_cache/community-cr-prod.seqera.io-docker-registry-v2-blobs-sha256-26-268b4c9c6cbf8fa6606c9b7fd4fafce18bf2c931d1a809a0ce51b105ec06c89d-data.img]
[3d/a7fc10] Submitted process > PREPARE_GENOME:STAR_GENOMEGENERATE (genome.fasta)
WARN: Process `PREPARE_GENOME:STAR_GENOMEGENERATE` publishDir path contains a variable with a null value
