{
  "panoramaseq workflow - test profile": {
    "content": [
      {
        "0": "multiqc",
        "1": "versions"
      }
    ],
    "meta": {
      "nextflow": "24.04.2",
      "nf-test": "0.9.2"
    },
    "timestamp": "2025-06-20T10:00:00.000000000"
  }
}
