ERROR ~ No such variable: optional

 -- Check script '/kyukon/scratch/gent/vo/000/gvo00027/vsc44685/panoramaseq/nf-core-panoramaseq/modules/nf-core/samtools/sort/tests/../main.nf' at line: 12 or see '/kyukon/scratch/gent/vo/000/gvo00027/vsc44685/panoramaseq/nf-core-panoramaseq/.nf-test/tests/70f7d20cf70084c04ccb0db9069e6d7b/meta/nextflow.log' file for more details
