{
    "sarscov2 Illumina single end [fastq]": {
        "content": [
            "@ERR5069949.2151832 NS500628:121:HK3MMAFX2:2:21208:10793:15304/1"
        ],
        "meta": {
            "nf-test": "0.9.2",
            "nextflow": "24.10.2"
        },
        "timestamp": "2025-06-20T12:45:30.52151101"
    },
    "sarscov2 Illumina paired-end [fastq]": {
        "content": [
            "@ERR5069949.2151832 NS500628:121:HK3MMAFX2:2:21208:10793:15304/2"
        ],
        "meta": {
            "nf-test": "0.9.2",
            "nextflow": "24.10.2"
        },
        "timestamp": "2025-06-20T12:45:36.760908913"
    },
    "versions_paired_end": {
        "content": [
            [
                "versions.yml:md5,6ec8c53c842d0f14eee090dc542e597d"
            ]
        ],
        "meta": {
            "nf-test": "0.9.2",
            "nextflow": "24.10.2"
        },
        "timestamp": "2025-06-20T12:45:36.765490628"
    },
    "versions_single_end": {
        "content": [
            [
                "versions.yml:md5,6ec8c53c842d0f14eee090dc542e597d"
            ]
        ],
        "meta": {
            "nf-test": "0.9.2",
            "nextflow": "24.10.2"
        },
        "timestamp": "2025-06-20T12:45:30.50303627"
    }
}