N E X T F L O W  ~  version 24.10.2
Launching `/kyukon/scratch/gent/vo/000/gvo00027/vsc44685/panoramaseq/nf-core-panoramaseq/.nf-test-45723913453869fef01c9fab856e20e1.nf` [distracted_aryabhata] DSL2 - revision: 6c61f50eb0
[ab/bfbfae] Submitted process > Decode_batch (test_decode)
