{
    "single_file": {
        "content": [
            [
                [
                    {
                        "id": "single_h5ad"
                    },
                    "single_h5ad.h5ad:md5,0213589d4fbd8b1da061b5968d6fb1fc"
                ]
            ],
            [
                "versions.yml:md5,df9ef7326600bda8c206164a377ce26a"
            ]
        ],
        "meta": {
            "nf-test": "0.9.2",
            "nextflow": "24.10.2"
        },
        "timestamp": "2025-07-02T10:42:24.684048314"
    },
    "multiple_files": {
        "content": [
            [
                [
                    {
                        "id": "multi_h5ad"
                    },
                    "multi_h5ad.h5ad:md5,ea2aa3fccb7c5e96e26abe546d74127b"
                ]
            ],
            [
                "versions.yml:md5,df9ef7326600bda8c206164a377ce26a"
            ]
        ],
        "meta": {
            "nf-test": "0.9.2",
            "nextflow": "24.10.2"
        },
        "timestamp": "2025-07-02T10:42:37.355745686"
    },
    "tsv_to_h5ad - stub": {
        "content": [
            [
                "versions.yml:md5,df9ef7326600bda8c206164a377ce26a"
            ]
        ],
        "meta": {
            "nf-test": "0.9.2",
            "nextflow": "24.10.2"
        },
        "timestamp": "2025-07-02T10:42:17.003033403"
    }
}