{
    "pair end - stub": {
        "content": [
            {
                "0": [
                    [
                        {
                            "id": "test",
                            "single_end": false
                        },
                        [
                            "test.umi_extract_1.fastq.gz:md5,68b329da9893e34099c7d8ad5cb9c940",
                            "test.umi_extract_2.fastq.gz:md5,68b329da9893e34099c7d8ad5cb9c940"
                        ]
                    ]
                ],
                "1": [
                    "test.umi_extract.log:md5,d41d8cd98f00b204e9800998ecf8427e"
                ],
                "2": [
                    "versions.yml:md5,568d243174c081a0301e74ed42e59b48"
                ],
                "log": [
                    "test.umi_extract.log:md5,d41d8cd98f00b204e9800998ecf8427e"
                ],
                "reads": [
                    [
                        {
                            "id": "test",
                            "single_end": false
                        },
                        [
                            "test.umi_extract_1.fastq.gz:md5,68b329da9893e34099c7d8ad5cb9c940",
                            "test.umi_extract_2.fastq.gz:md5,68b329da9893e34099c7d8ad5cb9c940"
                        ]
                    ]
                ],
                "versions": [
                    "versions.yml:md5,568d243174c081a0301e74ed42e59b48"
                ]
            }
        ],
        "meta": {
            "nf-test": "0.9.2",
            "nextflow": "24.10.2"
        },
        "timestamp": "2025-06-20T13:02:14.16510963"
    },
    "single end - stub": {
        "content": [
            {
                "0": [
                    [
                        {
                            "id": "test",
                            "single_end": true
                        },
                        "test.umi_extract.fastq.gz:md5,68b329da9893e34099c7d8ad5cb9c940"
                    ]
                ],
                "1": [
                    "test.umi_extract.log:md5,d41d8cd98f00b204e9800998ecf8427e"
                ],
                "2": [
                    "versions.yml:md5,568d243174c081a0301e74ed42e59b48"
                ],
                "log": [
                    "test.umi_extract.log:md5,d41d8cd98f00b204e9800998ecf8427e"
                ],
                "reads": [
                    [
                        {
                            "id": "test",
                            "single_end": true
                        },
                        "test.umi_extract.fastq.gz:md5,68b329da9893e34099c7d8ad5cb9c940"
                    ]
                ],
                "versions": [
                    "versions.yml:md5,568d243174c081a0301e74ed42e59b48"
                ]
            }
        ],
        "meta": {
            "nf-test": "0.9.2",
            "nextflow": "24.10.2"
        },
        "timestamp": "2025-06-20T13:01:39.931158634"
    },
    "pair end": {
        "content": [
            "test.umi_extract_1.fastq.gz",
            "test.umi_extract_2.fastq.gz",
            [
                [
                    "",
                    "k",
                    "y",
                    "u",
                    "k",
                    "o",
                    "n",
                    "",
                    "s",
                    "c",
                    "r",
                    "a",
                    "t",
                    "c",
                    "h",
                    "",
                    "g",
                    "e",
                    "n",
                    "t",
                    "",
                    "v",
                    "o",
                    "",
                    "0",
                    "0",
                    "0",
                    "",
                    "g",
                    "v",
                    "o",
                    "0",
                    "0",
                    "0",
                    "2",
                    "7",
                    "",
                    "v",
                    "s",
                    "c",
                    "4",
                    "4",
                    "6",
                    "8",
                    "5",
                    "",
                    "p",
                    "a",
                    "n",
                    "o",
                    "r",
                    "a",
                    "m",
                    "a",
                    "s",
                    "e",
                    "q",
                    "",
                    "n",
                    "f",
                    "-",
                    "c",
                    "o",
                    "r",
                    "e",
                    "-",
                    "p",
                    "a",
                    "n",
                    "o",
                    "r",
                    "a",
                    "m",
                    "a",
                    "s",
                    "e",
                    "q",
                    "",
                    ".",
                    "n",
                    "f",
                    "-",
                    "t",
                    "e",
                    "s",
                    "t",
                    "",
                    "t",
                    "e",
                    "s",
                    "t",
                    "s",
                    "",
                    "a",
                    "4",
                    "6",
                    "5",
                    "c",
                    "1",
                    "c",
                    "d",
                    "5",
                    "8",
                    "0",
                    "2",
                    "3",
                    "0",
                    "8",
                    "b",
                    "8",
                    "c",
                    "c",
                    "1",
                    "6",
                    "a",
                    "b",
                    "2",
                    "6",
                    "9",
                    "5",
                    "3",
                    "4",
                    "b",
                    "8",
                    "5",
                    "",
                    "w",
                    "o",
                    "r",
                    "k",
                    "",
                    "8",
                    "6",
                    "",
                    "b",
                    "a",
                    "7",
                    "7",
                    "d",
                    "c",
                    "6",
                    "1",
                    "c",
                    "b",
                    "4",
                    "f",
                    "7",
                    "4",
                    "b",
                    "e",
                    "f",
                    "2",
                    "2",
                    "a",
                    "e",
                    "e",
                    "d",
                    "5",
                    "8",
                    "6",
                    "7",
                    "0",
                    "a",
                    "0",
                    "",
                    "t",
                    "e",
                    "s",
                    "t",
                    ".",
                    "u",
                    "m",
                    "i",
                    "_",
                    "e",
                    "x",
                    "t",
                    "r",
                    "a",
                    "c",
                    "t",
                    ".",
                    "l",
                    "o",
                    "g"
                ]
            ],
            [
                "versions.yml:md5,568d243174c081a0301e74ed42e59b48"
            ]
        ],
        "meta": {
            "nf-test": "0.9.2",
            "nextflow": "24.10.2"
        },
        "timestamp": "2025-06-24T14:55:40.677453937"
    },
    "single end": {
        "content": [
            [
                [
                    {
                        "id": "test",
                        "single_end": true
                    },
                    "test.umi_extract.fastq.gz"
                ]
            ],
            [
                [
                    "",
                    "k",
                    "y",
                    "u",
                    "k",
                    "o",
                    "n",
                    "",
                    "s",
                    "c",
                    "r",
                    "a",
                    "t",
                    "c",
                    "h",
                    "",
                    "g",
                    "e",
                    "n",
                    "t",
                    "",
                    "v",
                    "o",
                    "",
                    "0",
                    "0",
                    "0",
                    "",
                    "g",
                    "v",
                    "o",
                    "0",
                    "0",
                    "0",
                    "2",
                    "7",
                    "",
                    "v",
                    "s",
                    "c",
                    "4",
                    "4",
                    "6",
                    "8",
                    "5",
                    "",
                    "p",
                    "a",
                    "n",
                    "o",
                    "r",
                    "a",
                    "m",
                    "a",
                    "s",
                    "e",
                    "q",
                    "",
                    "n",
                    "f",
                    "-",
                    "c",
                    "o",
                    "r",
                    "e",
                    "-",
                    "p",
                    "a",
                    "n",
                    "o",
                    "r",
                    "a",
                    "m",
                    "a",
                    "s",
                    "e",
                    "q",
                    "",
                    ".",
                    "n",
                    "f",
                    "-",
                    "t",
                    "e",
                    "s",
                    "t",
                    "",
                    "t",
                    "e",
                    "s",
                    "t",
                    "s",
                    "",
                    "4",
                    "b",
                    "9",
                    "0",
                    "8",
                    "7",
                    "6",
                    "0",
                    "6",
                    "8",
                    "4",
                    "f",
                    "d",
                    "0",
                    "3",
                    "0",
                    "1",
                    "7",
                    "e",
                    "8",
                    "5",
                    "d",
                    "1",
                    "a",
                    "e",
                    "e",
                    "2",
                    "e",
                    "c",
                    "e",
                    "d",
                    "1",
                    "",
                    "w",
                    "o",
                    "r",
                    "k",
                    "",
                    "4",
                    "2",
                    "",
                    "5",
                    "4",
                    "a",
                    "f",
                    "a",
                    "7",
                    "3",
                    "4",
                    "8",
                    "b",
                    "8",
                    "f",
                    "9",
                    "a",
                    "7",
                    "6",
                    "3",
                    "6",
                    "a",
                    "b",
                    "b",
                    "8",
                    "3",
                    "7",
                    "a",
                    "7",
                    "7",
                    "c",
                    "0",
                    "7",
                    "",
                    "t",
                    "e",
                    "s",
                    "t",
                    ".",
                    "u",
                    "m",
                    "i",
                    "_",
                    "e",
                    "x",
                    "t",
                    "r",
                    "a",
                    "c",
                    "t",
                    ".",
                    "l",
                    "o",
                    "g"
                ]
            ],
            [
                "versions.yml:md5,568d243174c081a0301e74ed42e59b48"
            ]
        ],
        "meta": {
            "nf-test": "0.9.2",
            "nextflow": "24.10.2"
        },
        "timestamp": "2025-06-24T14:55:19.788656997"
    }
}