N E X T F L O W  ~  version 24.10.2
Launching `/kyukon/scratch/gent/vo/000/gvo00027/vsc44685/panoramaseq/nf-core-panoramaseq/.nf-test-72c826e968d3a4c242b896aa7ae290db.nf` [amazing_booth] DSL2 - revision: 6a057707bb
[05/0ae226] Submitted process > Decode_batch (S09_real)
